2023-03-30 15:20:00,917 - INFO - [MainThread] - Initialized router P1 at port 5001 PID 102902
2023-03-30 15:20:00,918 - INFO - [MainThread] - Adding listener for 4mnesia
2023-03-30 15:20:00,919 - INFO - [Establish-4mnesia] - Establishing RP to 4mnesia
2023-03-30 15:20:00,924 - INFO - [MainThread] - Adding a connection to RMK
2023-03-30 15:20:00,925 - INFO - [Connect-RMK] - Calling connect_to_rendezvous_point
2023-03-30 15:20:00,925 - INFO - [Connect-RMK] - Connect to rendezvous point RMK
2023-03-30 15:20:00,929 - INFO - [MainThread] - Starting testing thread
2023-03-30 15:20:00,931 - INFO - [TESTER] - Started tester
2023-03-30 15:20:00,931 - INFO - [MainThread] - Starting connection thread
2023-03-30 15:20:00,933 - INFO - [MainThread] - Starting log thread
2023-03-30 15:20:00,965 - INFO - [Connect-RMK] - Loading cached NetworkStatusDocument from TorCacheDirStorage: /root/.local/share/torpy/network_status
2023-03-30 15:20:00,974 - INFO - [Establish-4mnesia] - Loading cached NetworkStatusDocument from TorCacheDirStorage: /root/.local/share/torpy/network_status
2023-03-30 15:20:01,633 - INFO - [Connect-RMK] - Loading cached DirKeyCertificateList from TorCacheDirStorage: /root/.local/share/torpy/dir_key_certificates
2023-03-30 15:20:01,635 - INFO - [Connect-RMK] - Downloading new consensus...
2023-03-30 15:20:01,636 - INFO - [Connect-RMK] - Connecting to guard node 81.7.14.31:443... (Internal dir client)
2023-03-30 15:20:01,725 - INFO - [Establish-4mnesia] - Loading cached DirKeyCertificateList from TorCacheDirStorage: /root/.local/share/torpy/dir_key_certificates
2023-03-30 15:20:01,728 - INFO - [Establish-4mnesia] - Downloading new consensus...
2023-03-30 15:20:01,729 - INFO - [Establish-4mnesia] - Connecting to guard node 163.172.149.122:443... (Internal dir client)
2023-03-30 15:20:01,926 - ERROR - [Establish-4mnesia] - Cell type (84) not found
2023-03-30 15:20:01,926 - ERROR - [Establish-4mnesia] - [ignored]
Traceback (most recent call last):
  File "/home/vboxuser/Git/imt4905/torpy-rtun-fork/torpy/cell_socket.py", line 66, in connect
    handshake.initiate()
  File "/home/vboxuser/Git/imt4905/torpy-rtun-fork/torpy/cell_socket.py", line 222, in initiate
    self.tor_protocol.version = self._retrieve_versions()
  File "/home/vboxuser/Git/imt4905/torpy-rtun-fork/torpy/cell_socket.py", line 247, in _retrieve_versions
    cell = self.tor_socket.recv_cell()
  File "/home/vboxuser/Git/imt4905/torpy-rtun-fork/torpy/cell_socket.py", line 103, in recv_cell
    for cell in self._build_next_cell():
  File "/home/vboxuser/Git/imt4905/torpy-rtun-fork/torpy/cell_socket.py", line 124, in _build_next_cell
    self._next_len = self._cells_builder.send(send_buff)
  File "/home/vboxuser/Git/imt4905/torpy-rtun-fork/torpy/cell_socket.py", line 135, in _cells_builder_gen
    cell_type = TorCommands.get_by_num(command_num)
  File "/home/vboxuser/Git/imt4905/torpy-rtun-fork/torpy/cells.py", line 871, in get_by_num
    raise Exception('Cell type ({}) not found'.format(num))
Exception: Cell type (84) not found

During handling of the above exception, another exception occurred:

Traceback (most recent call last):
  File "/home/vboxuser/Git/imt4905/torpy-rtun-fork/torpy/utils.py", line 79, in newfn
    return func(*args, **kwargs)
  File "/home/vboxuser/Git/imt4905/torpy-rtun-fork/torpy/consesus.py", line 235, in renew
    raw_string = self.download_consensus(prev_hash)
  File "/home/vboxuser/Git/imt4905/torpy-rtun-fork/torpy/consesus.py", line 183, in newfn
    return func(*args, **kwargs)
  File "/home/vboxuser/Git/imt4905/torpy-rtun-fork/torpy/consesus.py", line 395, in download_consensus
    with self._get_dir_client() as dir_client:
  File "/home/vboxuser/Git/imt4905/torpy-rtun-fork/torpy/consesus.py", line 380, in _get_dir_client
    self._dir_guard, self._dir_circuit = self._create_dir_circuit(purpose='Internal dir client')
  File "/home/vboxuser/Git/imt4905/torpy-rtun-fork/torpy/consesus.py", line 370, in _create_dir_circuit
    guard = TorGuard(router, purpose=purpose)
  File "/home/vboxuser/Git/imt4905/torpy-rtun-fork/torpy/guard.py", line 66, in __init__
    self.__tor_socket.connect()
  File "/home/vboxuser/Git/imt4905/torpy-rtun-fork/torpy/cell_socket.py", line 69, in connect
    raise TorSocketConnectError(e)
torpy.cell_socket.TorSocketConnectError: Cell type (84) not found
2023-03-30 15:20:01,927 - WARNING - [Establish-4mnesia] - Retry with another router...
2023-03-30 15:20:01,927 - INFO - [Establish-4mnesia] - Wait 3 sec before next retry
2023-03-30 15:20:04,933 - INFO - [Establish-4mnesia] - Downloading new consensus...
2023-03-30 15:20:04,933 - INFO - [Establish-4mnesia] - Connecting to guard node 95.217.16.212:443... (Internal dir client)
2023-03-30 15:20:16,675 - ERROR - [Connect-RMK] - timed out
2023-03-30 15:20:16,675 - ERROR - [Connect-RMK] - [ignored]
Traceback (most recent call last):
  File "/home/vboxuser/Git/imt4905/torpy-rtun-fork/torpy/cell_socket.py", line 63, in connect
    self._socket.connect((self._router.ip, self._router.or_port))
  File "/usr/lib/python3.9/ssl.py", line 1342, in connect
    self._real_connect(addr, False)
  File "/usr/lib/python3.9/ssl.py", line 1329, in _real_connect
    super().connect(addr)
socket.timeout: timed out

During handling of the above exception, another exception occurred:

Traceback (most recent call last):
  File "/home/vboxuser/Git/imt4905/torpy-rtun-fork/torpy/utils.py", line 79, in newfn
    return func(*args, **kwargs)
  File "/home/vboxuser/Git/imt4905/torpy-rtun-fork/torpy/consesus.py", line 235, in renew
    raw_string = self.download_consensus(prev_hash)
  File "/home/vboxuser/Git/imt4905/torpy-rtun-fork/torpy/consesus.py", line 183, in newfn
    return func(*args, **kwargs)
  File "/home/vboxuser/Git/imt4905/torpy-rtun-fork/torpy/consesus.py", line 395, in download_consensus
    with self._get_dir_client() as dir_client:
  File "/home/vboxuser/Git/imt4905/torpy-rtun-fork/torpy/consesus.py", line 380, in _get_dir_client
    self._dir_guard, self._dir_circuit = self._create_dir_circuit(purpose='Internal dir client')
  File "/home/vboxuser/Git/imt4905/torpy-rtun-fork/torpy/consesus.py", line 370, in _create_dir_circuit
    guard = TorGuard(router, purpose=purpose)
  File "/home/vboxuser/Git/imt4905/torpy-rtun-fork/torpy/guard.py", line 66, in __init__
    self.__tor_socket.connect()
  File "/home/vboxuser/Git/imt4905/torpy-rtun-fork/torpy/cell_socket.py", line 69, in connect
    raise TorSocketConnectError(e)
torpy.cell_socket.TorSocketConnectError: timed out
2023-03-30 15:20:16,676 - WARNING - [Connect-RMK] - Retry with another router...
2023-03-30 15:20:16,676 - INFO - [Connect-RMK] - Wait 3 sec before next retry
2023-03-30 15:20:19,680 - INFO - [Connect-RMK] - Downloading new consensus...
2023-03-30 15:20:19,680 - INFO - [Connect-RMK] - Connecting to guard node 80.67.172.162:443... (Internal dir client)
2023-03-30 15:20:19,860 - INFO - [Connect-RMK] - Creating new circuit #80000001 with 80.67.172.162:443 router...
2023-03-30 15:20:19,909 - INFO - [Connect-RMK] - Building 0 hops circuit...
2023-03-30 15:20:19,909 - INFO - [Connect-RMK] - Stream #1: creating attached to #80000001 circuit...
2023-03-30 15:20:19,909 - INFO - [Connect-RMK] - Stream #1: connecting to hsdir
2023-03-30 15:20:19,949 - ERROR - [Establish-4mnesia] - timed out
2023-03-30 15:20:19,949 - ERROR - [Establish-4mnesia] - [ignored]
Traceback (most recent call last):
  File "/home/vboxuser/Git/imt4905/torpy-rtun-fork/torpy/cell_socket.py", line 63, in connect
    self._socket.connect((self._router.ip, self._router.or_port))
  File "/usr/lib/python3.9/ssl.py", line 1342, in connect
    self._real_connect(addr, False)
  File "/usr/lib/python3.9/ssl.py", line 1329, in _real_connect
    super().connect(addr)
socket.timeout: timed out

During handling of the above exception, another exception occurred:

Traceback (most recent call last):
  File "/home/vboxuser/Git/imt4905/torpy-rtun-fork/torpy/utils.py", line 79, in newfn
    return func(*args, **kwargs)
  File "/home/vboxuser/Git/imt4905/torpy-rtun-fork/torpy/consesus.py", line 235, in renew
    raw_string = self.download_consensus(prev_hash)
  File "/home/vboxuser/Git/imt4905/torpy-rtun-fork/torpy/consesus.py", line 183, in newfn
    return func(*args, **kwargs)
  File "/home/vboxuser/Git/imt4905/torpy-rtun-fork/torpy/consesus.py", line 395, in download_consensus
    with self._get_dir_client() as dir_client:
  File "/home/vboxuser/Git/imt4905/torpy-rtun-fork/torpy/consesus.py", line 380, in _get_dir_client
    self._dir_guard, self._dir_circuit = self._create_dir_circuit(purpose='Internal dir client')
  File "/home/vboxuser/Git/imt4905/torpy-rtun-fork/torpy/consesus.py", line 370, in _create_dir_circuit
    guard = TorGuard(router, purpose=purpose)
  File "/home/vboxuser/Git/imt4905/torpy-rtun-fork/torpy/guard.py", line 66, in __init__
    self.__tor_socket.connect()
  File "/home/vboxuser/Git/imt4905/torpy-rtun-fork/torpy/cell_socket.py", line 69, in connect
    raise TorSocketConnectError(e)
torpy.cell_socket.TorSocketConnectError: timed out
2023-03-30 15:20:19,949 - WARNING - [Establish-4mnesia] - Retry with another router...
2023-03-30 15:20:19,949 - INFO - [Establish-4mnesia] - Wait 5 sec before next retry
2023-03-30 15:20:19,954 - INFO - [RecvLoop_80.67.1] - Stream #1: connected (remote ip '')
2023-03-30 15:20:20,637 - INFO - [RecvLoop_80.67.1] - Stream #1: remote disconnected (reason = DONE)
2023-03-30 15:20:20,646 - INFO - [Connect-RMK] - Stream #1: closing (state = Disconnected)...
2023-03-30 15:20:20,861 - WARNING - [Connect-RMK] - Unknown voter present
2023-03-30 15:20:21,126 - INFO - [Connect-RMK] - Connected to rendezvous point RMK
2023-03-30 15:20:21,126 - INFO - [Connect-RMK] - Waiting for peer to open stream
2023-03-30 15:20:21,240 - INFO - [Connect-RMK] - Received cell: <class 'torpy.cells.CellRelay'>
2023-03-30 15:20:21,241 - INFO - [Connect-RMK] - Stream opened successfully
2023-03-30 15:20:21,241 - INFO - [Connect-RMK] - Sending HELLO to peer: b'\x80\x04\x95&\x00\x00\x00\x00\x00\x00\x00]\x94}\x94(\x8c\x07Message\x94\x8c\x05HELLO\x94\x8c\x04Peer\x94\x8c\x02P1\x94ua.'
2023-03-30 15:20:21,443 - INFO - [RECEIVER] - Added neighbour P3
2023-03-30 15:20:24,956 - INFO - [Establish-4mnesia] - Downloading new consensus...
2023-03-30 15:20:24,956 - INFO - [Establish-4mnesia] - Connecting to guard node 80.67.172.162:443... (Internal dir client)
2023-03-30 15:20:25,138 - INFO - [Establish-4mnesia] - Creating new circuit #80000002 with 80.67.172.162:443 router...
2023-03-30 15:20:25,190 - INFO - [Establish-4mnesia] - Building 0 hops circuit...
2023-03-30 15:20:25,190 - INFO - [Establish-4mnesia] - Stream #2: creating attached to #80000002 circuit...
2023-03-30 15:20:25,190 - INFO - [Establish-4mnesia] - Stream #2: connecting to hsdir
2023-03-30 15:20:25,234 - INFO - [RecvLoop_80.67.1] - Stream #2: connected (remote ip '')
2023-03-30 15:20:25,948 - INFO - [RecvLoop_80.67.1] - Stream #2: remote disconnected (reason = DONE)
2023-03-30 15:20:25,955 - INFO - [Establish-4mnesia] - Stream #2: closing (state = Disconnected)...
2023-03-30 15:20:26,170 - WARNING - [Establish-4mnesia] - Unknown voter present
2023-03-30 15:20:26,177 - INFO - [Establish-4mnesia] - Connecting to guard node 185.181.61.23:443 (staysafeandgoodluck; Tor 0.4.7.10)... (None)
2023-03-30 15:20:26,229 - INFO - [Establish-4mnesia] - Creating new circuit #80000003 with 185.181.61.23:443 (staysafeandgoodluck; Tor 0.4.7.10) router...
2023-03-30 15:20:26,243 - INFO - [Establish-4mnesia] - Building -1 hops circuit...
2023-03-30 15:20:26,243 - INFO - [Establish-4mnesia] - Extending the circuit #80000003 with 88.99.2.111:9001 (4mnesia; Tor 0.4.7.10)...
2023-03-30 15:20:26,243 - INFO - [Establish-4mnesia] - Getting descriptor for 88.99.2.111:9001 (4mnesia; Tor 0.4.7.10)...
2023-03-30 15:20:26,243 - INFO - [Establish-4mnesia] - Stream #3: creating attached to #80000002 circuit...
2023-03-30 15:20:26,243 - INFO - [Establish-4mnesia] - Stream #3: connecting to hsdir
2023-03-30 15:20:26,288 - INFO - [RecvLoop_80.67.1] - Stream #3: connected (remote ip '')
2023-03-30 15:20:26,491 - INFO - [RecvLoop_80.67.1] - Stream #3: remote disconnected (reason = DONE)
2023-03-30 15:20:26,491 - INFO - [Establish-4mnesia] - Stream #3: closing (state = Disconnected)...
2023-03-30 15:20:26,491 - INFO - [Establish-4mnesia] - Got descriptor
2023-03-30 15:20:26,578 - INFO - [Establish-4mnesia] - <class 'torpy.circuit.TorCircuit'>
2023-03-30 15:20:26,645 - INFO - [Establish-4mnesia] - Rendezvous established (CellRelayRendezvousEstablished())
2023-03-30 15:20:26,645 - INFO - [Establish-4mnesia] - Waiting for connections at relay 4mnesia for cookie b'eb688e4f52df90278060' ...
2023-03-30 15:20:28,353 - INFO - [Establish-4mnesia] - Got REND2 message from 4mnesia
2023-03-30 15:20:28,354 - INFO - [Establish-4mnesia] - Entered circuit context with id 0x80000003
2023-03-30 15:20:28,354 - INFO - [Establish-4mnesia] - Stream #4: creating attached to #80000003 circuit...
2023-03-30 15:20:28,354 - INFO - [Establish-4mnesia] - Stream #4: connecting to ('127.0.0.1', 5000)
2023-03-30 15:20:28,508 - INFO - [RecvLoop_185.181] - Stream #4: connected (remote ip '127.0.0.1')
2023-03-30 15:20:28,555 - INFO - [Establish-4mnesia] - Sending HELLO to peer
2023-03-30 15:20:28,555 - INFO - [Establish-4mnesia] - Sending HELLO to peer: b'\x80\x04\x95&\x00\x00\x00\x00\x00\x00\x00]\x94}\x94(\x8c\x07Message\x94\x8c\x05HELLO\x94\x8c\x04Peer\x94\x8c\x02P1\x94ua.'
2023-03-30 15:20:29,261 - INFO - [RECEIVER] - Added neighbour P2
2023-03-30 15:20:33,100 - WARNING - [RECEIVER] - Routing loop from P1 to P2: P1-P3-P1
2023-03-30 15:21:16,148 - WARNING - [Connect-RMK] - Got SENDME
2023-03-30 15:21:21,707 - INFO - [RecvLoop_80.67.1] - On destroy: circuit #80000001
2023-03-30 15:21:21,707 - INFO - [RecvLoop_80.67.1] - Destroy circuit #80000001
2023-03-30 15:21:32,637 - INFO - [RecvLoop_80.67.1] - On destroy: circuit #80000002
2023-03-30 15:21:32,637 - INFO - [RecvLoop_80.67.1] - Destroy circuit #80000002
2023-03-30 15:22:17,220 - WARNING - [Connect-RMK] - Got SENDME
2023-03-30 15:22:17,260 - WARNING - [Connect-RMK] - Got SENDME
2023-03-30 15:23:14,826 - WARNING - [Connect-RMK] - Got SENDME
2023-03-30 15:24:28,406 - WARNING - [Connect-RMK] - Got SENDME
2023-03-30 15:24:28,450 - WARNING - [Connect-RMK] - Got SENDME
2023-03-30 15:25:31,569 - WARNING - [Connect-RMK] - Got SENDME
2023-03-30 15:26:01,304 - INFO - [CONNECTION] - Loading cached NetworkStatusDocument from TorCacheDirStorage: /root/.local/share/torpy/network_status
2023-03-30 15:26:02,282 - INFO - [CONNECTION] - Loading cached DirKeyCertificateList from TorCacheDirStorage: /root/.local/share/torpy/dir_key_certificates
2023-03-30 15:26:02,299 - INFO - [MainThread] - ['ESTABLISH', 'WinstonSmith', b'ccec1e753f5d61493760']
2023-03-30 15:26:02,299 - INFO - [MainThread] - Got ESTABLISH to relay WinstonSmith:b'ccec1e753f5d61493760' via staysafeandgoodluck
2023-03-30 15:26:02,299 - INFO - [Establish-WinstonSmith] - Establishing RP to WinstonSmith
2023-03-30 15:26:02,315 - INFO - [Establish-WinstonSmith] - Loading cached NetworkStatusDocument from TorCacheDirStorage: /root/.local/share/torpy/network_status
2023-03-30 15:26:02,966 - INFO - [Establish-WinstonSmith] - Loading cached DirKeyCertificateList from TorCacheDirStorage: /root/.local/share/torpy/dir_key_certificates
2023-03-30 15:26:02,970 - INFO - [Establish-WinstonSmith] - Connecting to guard node 185.181.61.23:443 (staysafeandgoodluck; Tor 0.4.7.10)... (None)
2023-03-30 15:26:03,484 - INFO - [Establish-WinstonSmith] - Creating new circuit #80000004 with 185.181.61.23:443 (staysafeandgoodluck; Tor 0.4.7.10) router...
2023-03-30 15:26:03,503 - INFO - [Establish-WinstonSmith] - Building -1 hops circuit...
2023-03-30 15:26:03,503 - INFO - [Establish-WinstonSmith] - Extending the circuit #80000004 with 163.172.151.206:9001 (WinstonSmith; Tor 0.4.5.10)...
2023-03-30 15:26:03,504 - INFO - [Establish-WinstonSmith] - Getting descriptor for 163.172.151.206:9001 (WinstonSmith; Tor 0.4.5.10)...
2023-03-30 15:26:03,512 - INFO - [Establish-WinstonSmith] - Connecting to guard node 141.147.45.13:443 (LoedgreemOCI; Tor 0.4.7.13)... (Internal dir client)
2023-03-30 15:26:03,687 - INFO - [Establish-WinstonSmith] - Creating new circuit #80000005 with 141.147.45.13:443 (LoedgreemOCI; Tor 0.4.7.13) router...
2023-03-30 15:26:03,737 - INFO - [Establish-WinstonSmith] - Building 0 hops circuit...
2023-03-30 15:26:03,740 - INFO - [Establish-WinstonSmith] - Stream #5: creating attached to #80000005 circuit...
2023-03-30 15:26:03,741 - INFO - [Establish-WinstonSmith] - Stream #5: connecting to hsdir
2023-03-30 15:26:03,798 - INFO - [RecvLoop_141.147] - Stream #5: connected (remote ip '')
2023-03-30 15:26:04,017 - INFO - [RecvLoop_141.147] - Stream #5: remote disconnected (reason = DONE)
2023-03-30 15:26:04,017 - INFO - [Establish-WinstonSmith] - Stream #5: closing (state = Disconnected)...
2023-03-30 15:26:04,018 - INFO - [Establish-WinstonSmith] - Got descriptor
2023-03-30 15:26:04,089 - INFO - [Establish-WinstonSmith] - <class 'torpy.circuit.TorCircuit'>
2023-03-30 15:26:04,144 - INFO - [Establish-WinstonSmith] - Rendezvous established (CellRelayRendezvousEstablished())
2023-03-30 15:26:04,144 - INFO - [Establish-WinstonSmith] - Waiting for connections at relay WinstonSmith for cookie b'ccec1e753f5d61493760' ...
2023-03-30 15:26:12,305 - INFO - [CONNECTION] - Sending JOIN to P2 for relay WinstonSmith with cookie b'ccec1e753f5d61493760'
2023-03-30 15:26:13,648 - INFO - [Establish-WinstonSmith] - Got REND2 message from WinstonSmith
2023-03-30 15:26:13,650 - INFO - [Establish-WinstonSmith] - Entered circuit context with id 0x80000004
2023-03-30 15:26:13,650 - INFO - [Establish-WinstonSmith] - Stream #6: creating attached to #80000004 circuit...
2023-03-30 15:26:13,650 - INFO - [Establish-WinstonSmith] - Stream #6: connecting to ('127.0.0.1', 5000)
2023-03-30 15:26:13,801 - INFO - [RecvLoop_185.181] - Stream #6: connected (remote ip '127.0.0.1')
2023-03-30 15:26:13,855 - INFO - [Establish-WinstonSmith] - Sending HELLO to peer
2023-03-30 15:26:13,855 - INFO - [Establish-WinstonSmith] - Sending HELLO to peer: b'\x80\x04\x95&\x00\x00\x00\x00\x00\x00\x00]\x94}\x94(\x8c\x07Message\x94\x8c\x05HELLO\x94\x8c\x04Peer\x94\x8c\x02P1\x94ua.'
2023-03-30 15:26:13,858 - INFO - [RECEIVER] - Added neighbour P2
2023-03-30 15:26:21,543 - INFO - [RECEIVER] - Added relay artikel10buc06 from P3 to JOIN queue
2023-03-30 15:26:21,544 - INFO - [MainThread] - ['JOIN', 'artikel10buc06', b'ccec1e753f5d61493760']
2023-03-30 15:26:21,544 - INFO - [MainThread] - Got JOIN to relay artikel10buc06, waiting 10 sec to connect
2023-03-30 15:26:21,555 - INFO - [Connect-artikel10buc06] - Calling connect_to_rendezvous_point
2023-03-30 15:26:21,556 - INFO - [Connect-artikel10buc06] - Connect to rendezvous point artikel10buc06
2023-03-30 15:26:21,626 - INFO - [Connect-artikel10buc06] - Loading cached NetworkStatusDocument from TorCacheDirStorage: /root/.local/share/torpy/network_status
2023-03-30 15:26:22,486 - INFO - [Connect-artikel10buc06] - Loading cached DirKeyCertificateList from TorCacheDirStorage: /root/.local/share/torpy/dir_key_certificates
2023-03-30 15:26:22,850 - INFO - [Connect-artikel10buc06] - Connected to rendezvous point artikel10buc06
2023-03-30 15:26:22,850 - INFO - [Connect-artikel10buc06] - Waiting for peer to open stream
2023-03-30 15:26:22,992 - INFO - [Connect-artikel10buc06] - Received cell: <class 'torpy.cells.CellRelay'>
2023-03-30 15:26:22,994 - INFO - [Connect-artikel10buc06] - Stream opened successfully
2023-03-30 15:26:22,994 - INFO - [Connect-artikel10buc06] - Sending HELLO to peer: b'\x80\x04\x95&\x00\x00\x00\x00\x00\x00\x00]\x94}\x94(\x8c\x07Message\x94\x8c\x05HELLO\x94\x8c\x04Peer\x94\x8c\x02P1\x94ua.'
2023-03-30 15:26:23,195 - INFO - [RECEIVER] - Added neighbour P3
2023-03-30 15:27:06,674 - INFO - [RecvLoop_141.147] - On destroy: circuit #80000005
2023-03-30 15:27:06,675 - INFO - [RecvLoop_141.147] - Destroy circuit #80000005
2023-03-30 15:27:11,717 - ERROR - [Establish-4mnesia] - recv timeout
2023-03-30 15:27:11,717 - INFO - [Establish-4mnesia] - Closing connection Establish-4mnesia
2023-03-30 15:27:11,718 - INFO - [Establish-4mnesia] - Stream #4: closing (state = Connected)...
2023-03-30 15:27:11,720 - INFO - [Establish-4mnesia] - Destroy circuit #80000003
2023-03-30 15:27:11,722 - INFO - [Establish-4mnesia] - Closing guard connections (None)...
2023-03-30 15:27:16,714 - WARNING - [Connect-artikel10buc06] - Got SENDME
2023-03-30 15:27:21,596 - ERROR - [Connect-RMK] - Got DESTROY
2023-03-30 15:27:41,297 - INFO - [RECEIVER] - updateGraphOnly: [['P3', 'P4', 100, 'KeffalsIsNotAWoman'], ['P1', 'P3', 100, 'artikel10buc06'], ['P2', 'P4', 100, 'IdeaNexus'], ['P1', 'P2', 100, 'WinstonSmith']] , {'P1'}
2023-03-30 15:27:51,397 - INFO - [Thread-4] - Adding P3 to list of inactive
2023-03-30 15:27:51,397 - INFO - [Thread-4] - DEAD ROUTES DETECTED: P3
2023-03-30 15:27:51,397 - INFO - [Thread-4] - Removing P3 from neighbours
2023-03-30 15:27:51,397 - INFO - [Thread-4] - Removed circuit for P3
2023-03-30 15:27:51,397 - INFO - [Thread-4] - updateGraphOnly: [['P3', 'P4', 100, 'KeffalsIsNotAWoman'], ['P2', 'P4', 100, 'IdeaNexus'], ['P1', 'P2', 100, 'WinstonSmith']] , {'P3'}
2023-03-30 15:27:52,402 - INFO - [Thread-4] - GRAPH: [['P2', 'P4', 100, 'IdeaNexus'], ['P3', 'P4', 100, 'KeffalsIsNotAWoman'], ['P1', 'P2', 100, 'WinstonSmith']]
2023-03-30 15:27:52,403 - INFO - [Thread-4] - ROUTER: {'RID': 'P1', 'Port': 5001, 'Neighbours': 1, 'Neighbours Data': [{'NID': 'P2', 'Cost': 100, 'Hostname': '127.0.0.1', 'RP': 'WinstonSmith', 'FLAG': 0}], 'SN': 9, 'FLAG': 0, 'RP': set()}
2023-03-30 15:27:52,403 - INFO - [Thread-4] - LSA_DB: {'P4': {'RID': 'P4', 'Port': 5004, 'Neighbours': 2, 'Neighbours Data': [{'NID': 'P2', 'Cost': 100, 'Hostname': '127.0.0.1', 'RP': 'IdeaNexus', 'FLAG': 0}, {'NID': 'P3', 'Cost': 100, 'Hostname': '127.0.0.1', 'RP': 'KeffalsIsNotAWoman', 'FLAG': 0}], 'SN': 8, 'FLAG': 1, 'RP': set()}, 'P2': {'RID': 'P2', 'Port': 5002, 'Neighbours': 2, 'Neighbours Data': [{'NID': 'P4', 'Cost': 100, 'Hostname': '127.0.0.1', 'RP': 'IdeaNexus', 'FLAG': 0}, {'NID': 'P1', 'Cost': 100, 'Hostname': '127.0.0.1', 'RP': 'WinstonSmith', 'FLAG': 0}], 'SN': 8, 'FLAG': 1, 'RP': set()}}
2023-03-30 15:28:12,383 - INFO - [CONNECTION] - Neighbour connections (1) less than MIN_NEIGHBOUR_CONNECTIONS (2)
2023-03-30 15:28:12,383 - INFO - [CONNECTION] - Candidate peers: ['P4', 'P3']
2023-03-30 15:28:12,383 - INFO - [CONNECTION] - Highest cost peers: [('P3', 300), ('P4', 200), ('P2', 100), ('P1', 0)]
2023-03-30 15:28:12,404 - INFO - [CONNECTION] - Loading cached NetworkStatusDocument from TorCacheDirStorage: /root/.local/share/torpy/network_status
2023-03-30 15:28:13,471 - INFO - [CONNECTION] - Loading cached DirKeyCertificateList from TorCacheDirStorage: /root/.local/share/torpy/dir_key_certificates
2023-03-30 15:28:13,494 - INFO - [MainThread] - ['ESTABLISH', 'ZwiebelRouter01', b'990a0f5e05a869e519eb']
2023-03-30 15:28:13,495 - INFO - [MainThread] - Got ESTABLISH to relay ZwiebelRouter01:b'990a0f5e05a869e519eb' via staysafeandgoodluck
2023-03-30 15:28:13,496 - INFO - [Establish-ZwiebelRouter01] - Establishing RP to ZwiebelRouter01
2023-03-30 15:28:13,516 - INFO - [Establish-ZwiebelRouter01] - Loading cached NetworkStatusDocument from TorCacheDirStorage: /root/.local/share/torpy/network_status
2023-03-30 15:28:14,332 - INFO - [Establish-ZwiebelRouter01] - Loading cached DirKeyCertificateList from TorCacheDirStorage: /root/.local/share/torpy/dir_key_certificates
2023-03-30 15:28:14,336 - INFO - [Establish-ZwiebelRouter01] - Connecting to guard node 185.181.61.23:443 (staysafeandgoodluck; Tor 0.4.7.10)... (None)
2023-03-30 15:28:14,401 - INFO - [Establish-ZwiebelRouter01] - Creating new circuit #80000006 with 185.181.61.23:443 (staysafeandgoodluck; Tor 0.4.7.10) router...
2023-03-30 15:28:14,420 - INFO - [Establish-ZwiebelRouter01] - Building -1 hops circuit...
2023-03-30 15:28:14,420 - INFO - [Establish-ZwiebelRouter01] - Extending the circuit #80000006 with 212.227.148.248:443 (ZwiebelRouter01; Tor 0.4.7.13)...
2023-03-30 15:28:14,421 - INFO - [Establish-ZwiebelRouter01] - Getting descriptor for 212.227.148.248:443 (ZwiebelRouter01; Tor 0.4.7.13)...
2023-03-30 15:28:14,427 - INFO - [Establish-ZwiebelRouter01] - Connecting to guard node 141.95.146.50:443 (snousage; Tor 0.4.7.10)... (Internal dir client)
2023-03-30 15:28:14,657 - INFO - [Establish-ZwiebelRouter01] - Creating new circuit #80000007 with 141.95.146.50:443 (snousage; Tor 0.4.7.10) router...
2023-03-30 15:28:14,718 - INFO - [Establish-ZwiebelRouter01] - Building 0 hops circuit...
2023-03-30 15:28:14,719 - INFO - [Establish-ZwiebelRouter01] - Stream #7: creating attached to #80000007 circuit...
2023-03-30 15:28:14,719 - INFO - [Establish-ZwiebelRouter01] - Stream #7: connecting to hsdir
2023-03-30 15:28:14,776 - INFO - [RecvLoop_141.95.] - Stream #7: connected (remote ip '')
2023-03-30 15:28:15,029 - INFO - [RecvLoop_141.95.] - Stream #7: remote disconnected (reason = DONE)
2023-03-30 15:28:15,029 - INFO - [Establish-ZwiebelRouter01] - Stream #7: closing (state = Disconnected)...
2023-03-30 15:28:15,030 - INFO - [Establish-ZwiebelRouter01] - Got descriptor
2023-03-30 15:28:15,115 - INFO - [Establish-ZwiebelRouter01] - <class 'torpy.circuit.TorCircuit'>
2023-03-30 15:28:15,197 - INFO - [Establish-ZwiebelRouter01] - Rendezvous established (CellRelayRendezvousEstablished())
2023-03-30 15:28:15,197 - INFO - [Establish-ZwiebelRouter01] - Waiting for connections at relay ZwiebelRouter01 for cookie b'990a0f5e05a869e519eb' ...
2023-03-30 15:28:21,959 - ERROR - [Connect-artikel10buc06] - Got RELAY_END
2023-03-30 15:28:23,501 - INFO - [CONNECTION] - Sending JOIN to P3 at relay ZwiebelRouter01
2023-03-30 15:28:32,233 - INFO - [RECEIVER] - Added relay RNVR217 from P3 to JOIN queue
2023-03-30 15:28:32,234 - INFO - [MainThread] - ['JOIN', 'RNVR217', b'990a0f5e05a869e519eb']
2023-03-30 15:28:32,234 - INFO - [MainThread] - Got JOIN to relay RNVR217, waiting 10 sec to connect
2023-03-30 15:28:32,235 - INFO - [Connect-RNVR217] - Calling connect_to_rendezvous_point
2023-03-30 15:28:32,235 - INFO - [Connect-RNVR217] - Connect to rendezvous point RNVR217
2023-03-30 15:28:32,291 - INFO - [Connect-RNVR217] - Loading cached NetworkStatusDocument from TorCacheDirStorage: /root/.local/share/torpy/network_status
2023-03-30 15:28:32,874 - INFO - [Connect-RNVR217] - Loading cached DirKeyCertificateList from TorCacheDirStorage: /root/.local/share/torpy/dir_key_certificates
2023-03-30 15:28:33,074 - INFO - [Connect-RNVR217] - Connected to rendezvous point RNVR217
2023-03-30 15:28:33,076 - INFO - [Connect-RNVR217] - Waiting for peer to open stream
2023-03-30 15:28:33,153 - INFO - [Connect-RNVR217] - Received cell: <class 'torpy.cells.CellRelay'>
2023-03-30 15:28:33,156 - INFO - [Connect-RNVR217] - Stream opened successfully
2023-03-30 15:28:33,156 - INFO - [Connect-RNVR217] - Sending HELLO to peer: b'\x80\x04\x95&\x00\x00\x00\x00\x00\x00\x00]\x94}\x94(\x8c\x07Message\x94\x8c\x05HELLO\x94\x8c\x04Peer\x94\x8c\x02P1\x94ua.'
2023-03-30 15:28:33,356 - INFO - [RECEIVER] - Added neighbour P3
2023-03-30 15:29:18,504 - INFO - [RecvLoop_141.95.] - On destroy: circuit #80000007
2023-03-30 15:29:18,505 - INFO - [RecvLoop_141.95.] - Destroy circuit #80000007
2023-03-30 15:29:49,911 - WARNING - [Connect-RNVR217] - Got SENDME
2023-03-30 15:31:12,039 - WARNING - [Connect-RNVR217] - Got SENDME
2023-03-30 15:31:12,070 - WARNING - [Connect-RNVR217] - Got SENDME
2023-03-30 15:31:23,689 - INFO - [CONNECTION] - Loading cached NetworkStatusDocument from TorCacheDirStorage: /root/.local/share/torpy/network_status
2023-03-30 15:31:24,964 - INFO - [CONNECTION] - Loading cached DirKeyCertificateList from TorCacheDirStorage: /root/.local/share/torpy/dir_key_certificates
2023-03-30 15:31:24,979 - INFO - [MainThread] - ['ESTABLISH', 'NTH17R3', b'b6f0416f0dbf6dac1c05']
2023-03-30 15:31:24,979 - INFO - [MainThread] - Got ESTABLISH to relay NTH17R3:b'b6f0416f0dbf6dac1c05' via staysafeandgoodluck
2023-03-30 15:31:24,988 - INFO - [Establish-NTH17R3] - Establishing RP to NTH17R3
2023-03-30 15:31:25,037 - INFO - [Establish-NTH17R3] - Loading cached NetworkStatusDocument from TorCacheDirStorage: /root/.local/share/torpy/network_status
2023-03-30 15:31:26,043 - INFO - [Establish-NTH17R3] - Loading cached DirKeyCertificateList from TorCacheDirStorage: /root/.local/share/torpy/dir_key_certificates
2023-03-30 15:31:26,049 - INFO - [Establish-NTH17R3] - Connecting to guard node 185.181.61.23:443 (staysafeandgoodluck; Tor 0.4.7.10)... (None)
2023-03-30 15:31:26,139 - INFO - [Establish-NTH17R3] - Creating new circuit #80000008 with 185.181.61.23:443 (staysafeandgoodluck; Tor 0.4.7.10) router...
2023-03-30 15:31:26,167 - INFO - [Establish-NTH17R3] - Building -1 hops circuit...
2023-03-30 15:31:26,168 - INFO - [Establish-NTH17R3] - Extending the circuit #80000008 with 192.42.116.214:9002 (NTH17R3; Tor 0.4.7.13)...
2023-03-30 15:31:26,174 - INFO - [Establish-NTH17R3] - Getting descriptor for 192.42.116.214:9002 (NTH17R3; Tor 0.4.7.13)...
2023-03-30 15:31:26,190 - INFO - [Establish-NTH17R3] - Connecting to guard node 51.68.204.139:9001 (atomcats; Tor 0.4.7.13)... (Internal dir client)
2023-03-30 15:31:26,396 - INFO - [Establish-NTH17R3] - Creating new circuit #80000009 with 51.68.204.139:9001 (atomcats; Tor 0.4.7.13) router...
2023-03-30 15:31:26,450 - INFO - [Establish-NTH17R3] - Building 0 hops circuit...
2023-03-30 15:31:26,450 - INFO - [Establish-NTH17R3] - Stream #8: creating attached to #80000009 circuit...
2023-03-30 15:31:26,450 - INFO - [Establish-NTH17R3] - Stream #8: connecting to hsdir
2023-03-30 15:31:26,502 - INFO - [RecvLoop_51.68.2] - Stream #8: connected (remote ip '')
2023-03-30 15:31:26,804 - INFO - [RecvLoop_51.68.2] - Stream #8: remote disconnected (reason = DONE)
2023-03-30 15:31:26,808 - INFO - [Establish-NTH17R3] - Stream #8: closing (state = Disconnected)...
2023-03-30 15:31:26,808 - INFO - [Establish-NTH17R3] - Got descriptor
2023-03-30 15:31:26,998 - INFO - [Establish-NTH17R3] - <class 'torpy.circuit.TorCircuit'>
2023-03-30 15:31:27,050 - INFO - [Establish-NTH17R3] - Rendezvous established (CellRelayRendezvousEstablished())
2023-03-30 15:31:27,050 - INFO - [Establish-NTH17R3] - Waiting for connections at relay NTH17R3 for cookie b'b6f0416f0dbf6dac1c05' ...
2023-03-30 15:31:34,990 - INFO - [CONNECTION] - Sending JOIN to P2 for relay NTH17R3 with cookie b'b6f0416f0dbf6dac1c05'
2023-03-30 15:31:36,351 - INFO - [Establish-NTH17R3] - Got REND2 message from NTH17R3
2023-03-30 15:31:36,353 - INFO - [Establish-NTH17R3] - Entered circuit context with id 0x80000008
2023-03-30 15:31:36,353 - INFO - [Establish-NTH17R3] - Stream #9: creating attached to #80000008 circuit...
2023-03-30 15:31:36,354 - INFO - [Establish-NTH17R3] - Stream #9: connecting to ('127.0.0.1', 5000)
2023-03-30 15:31:36,430 - INFO - [RecvLoop_185.181] - Stream #9: connected (remote ip '127.0.0.1')
2023-03-30 15:31:36,556 - INFO - [Establish-NTH17R3] - Sending HELLO to peer
2023-03-30 15:31:36,557 - INFO - [Establish-NTH17R3] - Sending HELLO to peer: b'\x80\x04\x95&\x00\x00\x00\x00\x00\x00\x00]\x94}\x94(\x8c\x07Message\x94\x8c\x05HELLO\x94\x8c\x04Peer\x94\x8c\x02P1\x94ua.'
2023-03-30 15:31:36,948 - INFO - [RECEIVER] - Added neighbour P2
2023-03-30 15:32:15,177 - WARNING - [Connect-RNVR217] - Got SENDME
2023-03-30 15:32:34,562 - INFO - [RecvLoop_51.68.2] - On destroy: circuit #80000009
2023-03-30 15:32:34,563 - INFO - [RecvLoop_51.68.2] - Destroy circuit #80000009
2023-03-30 15:32:36,235 - ERROR - [Establish-WinstonSmith] - recv timeout
2023-03-30 15:32:36,235 - INFO - [Establish-WinstonSmith] - Closing connection Establish-WinstonSmith
2023-03-30 15:32:36,235 - INFO - [Establish-WinstonSmith] - Stream #6: closing (state = Connected)...
2023-03-30 15:32:36,236 - INFO - [Establish-WinstonSmith] - Destroy circuit #80000004
2023-03-30 15:32:36,237 - INFO - [Establish-WinstonSmith] - Closing guard connections (None)...
2023-03-30 15:33:15,947 - WARNING - [RecvLoop_185.181] - CellPadding has some unnecessary data: b'\x00\x00\x00\x00\x00\x00\x00\x00\x00\x00\x00\x00\x00\x00\x00\x00\x00\x00\x00\x00\x00\x00\x00\x00\x00\x00\x00\x00\x00\x00\x00\x00\x00\x00\x00\x00\x00\x00\x00\x00\x00\x00\x00\x00\x00\x00\x00\x00\x00\x00\x00\x00\x00\x00\x00\x00\x00\x00\x00\x00\x00\x00\x00\x00\x00\x00\x00\x00\x00\x00\x00\x00\x00\x00\x00\x00\x00\x00\x00\x00\x00\x00\x00\x00\x00\x00\x00\x00\x00\x00\x00\x00\x00\x00\x00\x00\x00\x00\x00\x00\x00\x00\x00\x00\x00\x00\x00\x00\x00\x00\x00\x00\x00\x00\x00\x00\x00\x00\x00\x00\x00\x00\x00\x00\x00\x00\x00\x00\x00\x00\x00\x00\x00\x00\x00\x00\x00\x00\x00\x00\x00\x00\x00\x00\x00\x00\x00\x00\x00\x00\x00\x00\x00\x00\x00\x00\x00\x00\x00\x00\x00\x00\x00\x00\x00\x00\x00\x00\x00\x00\x00\x00\x00\x00\x00\x00\x00\x00\x00\x00\x00\x00\x00\x00\x00\x00\x00\x00\x00\x00\x00\x00\x00\x00\x00\x00\x00\x00\x00\x00\x00\x00\x00\x00\x00\x00\x00\x00\x00\x00\x00\x00\x00\x00\x00\x00\x00\x00\x00\x00\x00\x00\x00\x00\x00\x00\x00\x00\x00\x00\x00\x00\x00\x00\x00\x00\x00\x00\x00\x00\x00\x00\x00\x00\x00\x00\x00\x00\x00\x00\x00\x00\x00\x00\x00\x00\x00\x00\x00\x00\x00\x00\x00\x00\x00\x00\x00\x00\x00\x00\x00\x00\x00\x00\x00\x00\x00\x00\x00\x00\x00\x00\x00\x00\x00\x00\x00\x00\x00\x00\x00\x00\x00\x00\x00\x00\x00\x00\x00\x00\x00\x00\x00\x00\x00\x00\x00\x00\x00\x00\x00\x00\x00\x00\x00\x00\x00\x00\x00\x00\x00\x00\x00\x00\x00\x00\x00\x00\x00\x00\x00\x00\x00\x00\x00\x00\x00\x00\x00\x00\x00\x00\x00\x00\x00\x00\x00\x00\x00\x00\x00\x00\x00\x00\x00\x00\x00\x00\x00\x00\x00\x00\x00\x00\x00\x00\x00\x00\x00\x00\x00\x00\x00\x00\x00\x00\x00\x00\x00\x00\x00\x00\x00\x00\x00\x00\x00\x00\x00\x00\x00\x00\x00\x00\x00\x00\x00\x00\x00\x00\x00\x00\x00\x00\x00\x00\x00\x00\x00\x00\x00\x00\x00\x00\x00\x00\x00\x00\x00\x00\x00\x00\x00\x00\x00\x00\x00\x00\x00\x00\x00\x00\x00\x00\x00\x00\x00\x00\x00\x00\x00\x00\x00\x00\x00\x00\x00\x00\x00\x00\x00\x00\x00\x00\x00\x00\x00\x00\x00\x00\x00\x00\x00\x00\x00\x00\x00\x00\x00\x00\x00\x00\x00\x00\x00\x00\x00\x00\x00\x00\x00\x00\x00\x00\x00\x00\x00\x00\x00\x00\x00\x00\x00\x00\x00\x00\x00\x00\x00\x00\x00\x00\x00\x00\x00\x00\x00\x00\x00'
2023-03-30 15:33:15,947 - ERROR - [RecvLoop_185.181] - CellPadding() was received but no handlers for it
2023-03-30 15:33:29,358 - WARNING - [Connect-RNVR217] - Got SENDME
2023-03-30 15:33:29,389 - WARNING - [Connect-RNVR217] - Got SENDME
2023-03-30 15:34:43,337 - INFO - [RECEIVER] - Added relay CRESCENTMOONSPA from P3 to JOIN queue
2023-03-30 15:34:43,341 - INFO - [MainThread] - ['JOIN', 'CRESCENTMOONSPA', b'24e7643e1d2a662d63b6']
2023-03-30 15:34:43,343 - INFO - [MainThread] - Got JOIN to relay CRESCENTMOONSPA, waiting 10 sec to connect
2023-03-30 15:34:43,380 - INFO - [Connect-CRESCENTMOONSPA] - Calling connect_to_rendezvous_point
2023-03-30 15:34:43,389 - INFO - [Connect-CRESCENTMOONSPA] - Connect to rendezvous point CRESCENTMOONSPA
2023-03-30 15:34:43,490 - INFO - [Connect-CRESCENTMOONSPA] - Loading cached NetworkStatusDocument from TorCacheDirStorage: /root/.local/share/torpy/network_status
2023-03-30 15:34:44,595 - WARNING - [Connect-RNVR217] - Got SENDME
2023-03-30 15:34:44,725 - INFO - [Connect-CRESCENTMOONSPA] - Loading cached DirKeyCertificateList from TorCacheDirStorage: /root/.local/share/torpy/dir_key_certificates
2023-03-30 15:34:45,050 - INFO - [Connect-CRESCENTMOONSPA] - Connected to rendezvous point CRESCENTMOONSPA
2023-03-30 15:34:45,050 - INFO - [Connect-CRESCENTMOONSPA] - Waiting for peer to open stream
2023-03-30 15:34:45,187 - INFO - [Connect-CRESCENTMOONSPA] - Received cell: <class 'torpy.cells.CellRelay'>
2023-03-30 15:34:45,206 - INFO - [Connect-CRESCENTMOONSPA] - Stream opened successfully
2023-03-30 15:34:45,209 - INFO - [Connect-CRESCENTMOONSPA] - Sending HELLO to peer: b'\x80\x04\x95&\x00\x00\x00\x00\x00\x00\x00]\x94}\x94(\x8c\x07Message\x94\x8c\x05HELLO\x94\x8c\x04Peer\x94\x8c\x02P1\x94ua.'
2023-03-30 15:34:45,378 - INFO - [RECEIVER] - Added neighbour P3
2023-03-30 15:35:43,709 - WARNING - [Connect-CRESCENTMOONSPA] - Got SENDME
2023-03-30 15:35:44,584 - ERROR - [Connect-RNVR217] - Got DESTROY
2023-03-30 15:36:38,877 - WARNING - [Connect-CRESCENTMOONSPA] - Got SENDME
2023-03-30 15:36:38,928 - WARNING - [Connect-CRESCENTMOONSPA] - Got SENDME
2023-03-30 15:37:35,367 - INFO - [CONNECTION] - Loading cached NetworkStatusDocument from TorCacheDirStorage: /root/.local/share/torpy/network_status
2023-03-30 15:37:36,177 - WARNING - [Connect-CRESCENTMOONSPA] - Got SENDME
2023-03-30 15:37:36,707 - INFO - [CONNECTION] - Loading cached DirKeyCertificateList from TorCacheDirStorage: /root/.local/share/torpy/dir_key_certificates
2023-03-30 15:37:36,731 - INFO - [MainThread] - ['ESTABLISH', 'Chimera', b'76e4cafe2015a0af45ee']
2023-03-30 15:37:36,731 - INFO - [MainThread] - Got ESTABLISH to relay Chimera:b'76e4cafe2015a0af45ee' via staysafeandgoodluck
2023-03-30 15:37:36,731 - INFO - [Establish-Chimera] - Establishing RP to Chimera
2023-03-30 15:37:36,813 - INFO - [Establish-Chimera] - Loading cached NetworkStatusDocument from TorCacheDirStorage: /root/.local/share/torpy/network_status
2023-03-30 15:37:38,097 - INFO - [Establish-Chimera] - Loading cached DirKeyCertificateList from TorCacheDirStorage: /root/.local/share/torpy/dir_key_certificates
2023-03-30 15:37:38,101 - INFO - [Establish-Chimera] - Connecting to guard node 185.181.61.23:443 (staysafeandgoodluck; Tor 0.4.7.10)... (None)
2023-03-30 15:37:38,187 - INFO - [Establish-Chimera] - Creating new circuit #8000000a with 185.181.61.23:443 (staysafeandgoodluck; Tor 0.4.7.10) router...
2023-03-30 15:37:38,218 - INFO - [Establish-Chimera] - Building -1 hops circuit...
2023-03-30 15:37:38,218 - INFO - [Establish-Chimera] - Extending the circuit #8000000a with 149.56.22.133:443 (Chimera; Tor 0.4.7.13)...
2023-03-30 15:37:38,224 - INFO - [Establish-Chimera] - Getting descriptor for 149.56.22.133:443 (Chimera; Tor 0.4.7.13)...
2023-03-30 15:37:38,237 - INFO - [Establish-Chimera] - Connecting to guard node 89.147.109.13:9001 (hollowhurricane; Tor 0.4.7.13)... (Internal dir client)
2023-03-30 15:37:38,561 - INFO - [Establish-Chimera] - Creating new circuit #8000000b with 89.147.109.13:9001 (hollowhurricane; Tor 0.4.7.13) router...
2023-03-30 15:37:38,643 - INFO - [Establish-Chimera] - Building 0 hops circuit...
2023-03-30 15:37:38,644 - INFO - [Establish-Chimera] - Stream #10: creating attached to #8000000b circuit...
2023-03-30 15:37:38,644 - INFO - [Establish-Chimera] - Stream #10: connecting to hsdir
2023-03-30 15:37:38,724 - INFO - [RecvLoop_89.147.] - Stream #10: connected (remote ip '')
2023-03-30 15:37:39,005 - INFO - [RecvLoop_89.147.] - Stream #10: remote disconnected (reason = DONE)
2023-03-30 15:37:39,006 - INFO - [Establish-Chimera] - Stream #10: closing (state = Disconnected)...
2023-03-30 15:37:39,006 - INFO - [Establish-Chimera] - Got descriptor
2023-03-30 15:37:39,765 - INFO - [Establish-Chimera] - <class 'torpy.circuit.TorCircuit'>
2023-03-30 15:37:39,893 - INFO - [Establish-Chimera] - Rendezvous established (CellRelayRendezvousEstablished())
2023-03-30 15:37:39,895 - INFO - [Establish-Chimera] - Waiting for connections at relay Chimera for cookie b'76e4cafe2015a0af45ee' ...
2023-03-30 15:37:46,742 - INFO - [CONNECTION] - Sending JOIN to P2 for relay Chimera with cookie b'76e4cafe2015a0af45ee'
2023-03-30 15:37:49,190 - INFO - [Establish-Chimera] - Got REND2 message from Chimera
2023-03-30 15:37:49,199 - INFO - [Establish-Chimera] - Entered circuit context with id 0x8000000a
2023-03-30 15:37:49,199 - INFO - [Establish-Chimera] - Stream #11: creating attached to #8000000a circuit...
2023-03-30 15:37:49,199 - INFO - [Establish-Chimera] - Stream #11: connecting to ('127.0.0.1', 5000)
2023-03-30 15:37:49,453 - INFO - [RecvLoop_185.181] - Stream #11: connected (remote ip '127.0.0.1')
2023-03-30 15:37:49,607 - INFO - [Establish-Chimera] - Sending HELLO to peer
2023-03-30 15:37:49,609 - INFO - [Establish-Chimera] - Sending HELLO to peer: b'\x80\x04\x95&\x00\x00\x00\x00\x00\x00\x00]\x94}\x94(\x8c\x07Message\x94\x8c\x05HELLO\x94\x8c\x04Peer\x94\x8c\x02P1\x94ua.'
2023-03-30 15:37:49,621 - INFO - [RECEIVER] - Added neighbour P2
2023-03-30 15:38:16,211 - WARNING - [RecvLoop_185.181] - CellPadding has some unnecessary data: b'\x00\x00\x00\x00\x00\x00\x00\x00\x00\x00\x00\x00\x00\x00\x00\x00\x00\x00\x00\x00\x00\x00\x00\x00\x00\x00\x00\x00\x00\x00\x00\x00\x00\x00\x00\x00\x00\x00\x00\x00\x00\x00\x00\x00\x00\x00\x00\x00\x00\x00\x00\x00\x00\x00\x00\x00\x00\x00\x00\x00\x00\x00\x00\x00\x00\x00\x00\x00\x00\x00\x00\x00\x00\x00\x00\x00\x00\x00\x00\x00\x00\x00\x00\x00\x00\x00\x00\x00\x00\x00\x00\x00\x00\x00\x00\x00\x00\x00\x00\x00\x00\x00\x00\x00\x00\x00\x00\x00\x00\x00\x00\x00\x00\x00\x00\x00\x00\x00\x00\x00\x00\x00\x00\x00\x00\x00\x00\x00\x00\x00\x00\x00\x00\x00\x00\x00\x00\x00\x00\x00\x00\x00\x00\x00\x00\x00\x00\x00\x00\x00\x00\x00\x00\x00\x00\x00\x00\x00\x00\x00\x00\x00\x00\x00\x00\x00\x00\x00\x00\x00\x00\x00\x00\x00\x00\x00\x00\x00\x00\x00\x00\x00\x00\x00\x00\x00\x00\x00\x00\x00\x00\x00\x00\x00\x00\x00\x00\x00\x00\x00\x00\x00\x00\x00\x00\x00\x00\x00\x00\x00\x00\x00\x00\x00\x00\x00\x00\x00\x00\x00\x00\x00\x00\x00\x00\x00\x00\x00\x00\x00\x00\x00\x00\x00\x00\x00\x00\x00\x00\x00\x00\x00\x00\x00\x00\x00\x00\x00\x00\x00\x00\x00\x00\x00\x00\x00\x00\x00\x00\x00\x00\x00\x00\x00\x00\x00\x00\x00\x00\x00\x00\x00\x00\x00\x00\x00\x00\x00\x00\x00\x00\x00\x00\x00\x00\x00\x00\x00\x00\x00\x00\x00\x00\x00\x00\x00\x00\x00\x00\x00\x00\x00\x00\x00\x00\x00\x00\x00\x00\x00\x00\x00\x00\x00\x00\x00\x00\x00\x00\x00\x00\x00\x00\x00\x00\x00\x00\x00\x00\x00\x00\x00\x00\x00\x00\x00\x00\x00\x00\x00\x00\x00\x00\x00\x00\x00\x00\x00\x00\x00\x00\x00\x00\x00\x00\x00\x00\x00\x00\x00\x00\x00\x00\x00\x00\x00\x00\x00\x00\x00\x00\x00\x00\x00\x00\x00\x00\x00\x00\x00\x00\x00\x00\x00\x00\x00\x00\x00\x00\x00\x00\x00\x00\x00\x00\x00\x00\x00\x00\x00\x00\x00\x00\x00\x00\x00\x00\x00\x00\x00\x00\x00\x00\x00\x00\x00\x00\x00\x00\x00\x00\x00\x00\x00\x00\x00\x00\x00\x00\x00\x00\x00\x00\x00\x00\x00\x00\x00\x00\x00\x00\x00\x00\x00\x00\x00\x00\x00\x00\x00\x00\x00\x00\x00\x00\x00\x00\x00\x00\x00\x00\x00\x00\x00\x00\x00\x00\x00\x00\x00\x00\x00\x00\x00\x00\x00\x00\x00\x00\x00\x00\x00\x00\x00\x00\x00\x00\x00\x00\x00\x00\x00\x00\x00\x00\x00\x00\x00\x00\x00\x00\x00\x00\x00\x00\x00\x00\x00\x00'
2023-03-30 15:38:16,220 - ERROR - [RecvLoop_185.181] - CellPadding() was received but no handlers for it
2023-03-30 15:38:39,911 - INFO - [RecvLoop_89.147.] - On destroy: circuit #8000000b
2023-03-30 15:38:39,911 - INFO - [RecvLoop_89.147.] - Destroy circuit #8000000b
2023-03-30 15:38:47,479 - WARNING - [Connect-CRESCENTMOONSPA] - Got SENDME
2023-03-30 15:38:47,534 - WARNING - [Connect-CRESCENTMOONSPA] - Got SENDME
2023-03-30 15:38:49,051 - ERROR - [Establish-NTH17R3] - recv timeout
2023-03-30 15:38:49,052 - INFO - [Establish-NTH17R3] - Closing connection Establish-NTH17R3
2023-03-30 15:38:49,053 - INFO - [Establish-NTH17R3] - Stream #9: closing (state = Connected)...
2023-03-30 15:38:49,057 - INFO - [Establish-NTH17R3] - Destroy circuit #80000008
2023-03-30 15:38:49,066 - INFO - [Establish-NTH17R3] - Closing guard connections (None)...
2023-03-30 15:40:11,521 - WARNING - [Connect-CRESCENTMOONSPA] - Got SENDME
2023-03-30 15:40:55,378 - INFO - [RECEIVER] - Added relay definitelyNotLE from P3 to JOIN queue
2023-03-30 15:40:55,378 - INFO - [MainThread] - ['JOIN', 'definitelyNotLE', b'4cf8e67eca89110c9774']
2023-03-30 15:40:55,379 - INFO - [MainThread] - Got JOIN to relay definitelyNotLE, waiting 10 sec to connect
2023-03-30 15:40:55,380 - INFO - [Connect-definitelyNotLE] - Calling connect_to_rendezvous_point
2023-03-30 15:40:55,380 - INFO - [Connect-definitelyNotLE] - Connect to rendezvous point definitelyNotLE
2023-03-30 15:40:55,472 - INFO - [Connect-definitelyNotLE] - Loading cached NetworkStatusDocument from TorCacheDirStorage: /root/.local/share/torpy/network_status
2023-03-30 15:40:56,714 - INFO - [Connect-definitelyNotLE] - Loading cached DirKeyCertificateList from TorCacheDirStorage: /root/.local/share/torpy/dir_key_certificates
2023-03-30 15:40:56,963 - INFO - [Connect-definitelyNotLE] - Connected to rendezvous point definitelyNotLE
2023-03-30 15:40:56,967 - INFO - [Connect-definitelyNotLE] - Waiting for peer to open stream
2023-03-30 15:40:57,087 - INFO - [Connect-definitelyNotLE] - Received cell: <class 'torpy.cells.CellRelay'>
2023-03-30 15:40:57,092 - INFO - [Connect-definitelyNotLE] - Stream opened successfully
2023-03-30 15:40:57,092 - INFO - [Connect-definitelyNotLE] - Sending HELLO to peer: b'\x80\x04\x95&\x00\x00\x00\x00\x00\x00\x00]\x94}\x94(\x8c\x07Message\x94\x8c\x05HELLO\x94\x8c\x04Peer\x94\x8c\x02P1\x94ua.'
2023-03-30 15:40:57,403 - INFO - [RECEIVER] - Added neighbour P3
2023-03-30 15:41:28,592 - WARNING - [RECEIVER] - Routing loop from P1 to P2: P1-P3-P1
2023-03-30 15:41:53,430 - INFO - [RECEIVER] - updateGraphOnly: [['P2', 'P4', 931, '6329cogwheel'], ['P3', 'P4', 159, 'onionDAOrel0aded1'], ['P1', 'P2', 398, 'Chimera'], ['P1', 'P3', 100, 'definitelyNotLE']] , {'P1'}
2023-03-30 15:41:56,719 - ERROR - [Connect-CRESCENTMOONSPA] - Got DESTROY
2023-03-30 15:42:13,328 - INFO - [Thread-4] - Adding P3 to list of inactive
2023-03-30 15:42:13,329 - INFO - [Thread-4] - DEAD ROUTES DETECTED: P3
2023-03-30 15:42:13,333 - INFO - [Thread-4] - Removing P3 from neighbours
2023-03-30 15:42:13,333 - INFO - [Thread-4] - Removed circuit for P3
2023-03-30 15:42:13,333 - INFO - [Thread-4] - updateGraphOnly: [['P2', 'P4', 931, '6329cogwheel'], ['P3', 'P4', 159, 'onionDAOrel0aded1'], ['P1', 'P2', 398, 'Chimera']] , {'P3'}
2023-03-30 15:42:14,354 - INFO - [Thread-4] - GRAPH: [['P2', 'P4', 931, '6329cogwheel'], ['P3', 'P4', 159, 'onionDAOrel0aded1'], ['P1', 'P2', 398, 'Chimera']]
2023-03-30 15:42:14,354 - INFO - [Thread-4] - ROUTER: {'RID': 'P1', 'Port': 5001, 'Neighbours': 1, 'Neighbours Data': [{'NID': 'P2', 'Cost': 309, 'Hostname': '127.0.0.1', 'RP': 'Chimera', 'FLAG': 0}], 'SN': 24, 'FLAG': 0, 'RP': set()}
2023-03-30 15:42:14,355 - INFO - [Thread-4] - LSA_DB: {'P4': {'RID': 'P4', 'Port': 5004, 'Neighbours': 2, 'Neighbours Data': [{'NID': 'P2', 'Cost': 931, 'Hostname': '127.0.0.1', 'RP': '6329cogwheel', 'FLAG': 0}, {'NID': 'P3', 'Cost': 159, 'Hostname': '127.0.0.1', 'RP': 'onionDAOrel0aded1', 'FLAG': 0}], 'SN': 22, 'FLAG': 1, 'RP': set()}, 'P2': {'RID': 'P2', 'Port': 5002, 'Neighbours': 2, 'Neighbours Data': [{'NID': 'P4', 'Cost': 734, 'Hostname': '127.0.0.1', 'RP': '6329cogwheel', 'FLAG': 0}, {'NID': 'P1', 'Cost': 398, 'Hostname': '127.0.0.1', 'RP': 'Chimera', 'FLAG': 0}], 'SN': 22, 'FLAG': 1, 'RP': set()}}
2023-03-30 15:42:28,600 - ERROR - [Connect-definitelyNotLE] - Got DESTROY
2023-03-30 15:42:47,012 - INFO - [CONNECTION] - Neighbour connections (1) less than MIN_NEIGHBOUR_CONNECTIONS (2)
2023-03-30 15:42:47,015 - INFO - [CONNECTION] - Candidate peers: ['P4', 'P3']
2023-03-30 15:42:47,017 - INFO - [CONNECTION] - Highest cost peers: [('P3', 1488), ('P4', 1329), ('P2', 398), ('P1', 0)]
2023-03-30 15:42:47,027 - INFO - [CONNECTION] - Loading cached NetworkStatusDocument from TorCacheDirStorage: /root/.local/share/torpy/network_status
2023-03-30 15:42:48,667 - INFO - [CONNECTION] - Loading cached DirKeyCertificateList from TorCacheDirStorage: /root/.local/share/torpy/dir_key_certificates
2023-03-30 15:42:48,693 - INFO - [MainThread] - ['ESTABLISH', 'tigris', b'7aa99d956b2d6d77dbee']
2023-03-30 15:42:48,699 - INFO - [MainThread] - Got ESTABLISH to relay tigris:b'7aa99d956b2d6d77dbee' via staysafeandgoodluck
2023-03-30 15:42:48,706 - INFO - [Establish-tigris] - Establishing RP to tigris
2023-03-30 15:42:48,717 - INFO - [Establish-tigris] - Loading cached NetworkStatusDocument from TorCacheDirStorage: /root/.local/share/torpy/network_status
2023-03-30 15:42:49,740 - INFO - [Establish-tigris] - Loading cached DirKeyCertificateList from TorCacheDirStorage: /root/.local/share/torpy/dir_key_certificates
2023-03-30 15:42:49,744 - INFO - [Establish-tigris] - Connecting to guard node 185.181.61.23:443 (staysafeandgoodluck; Tor 0.4.7.10)... (None)
2023-03-30 15:42:49,866 - INFO - [Establish-tigris] - Creating new circuit #8000000c with 185.181.61.23:443 (staysafeandgoodluck; Tor 0.4.7.10) router...
2023-03-30 15:42:49,903 - INFO - [Establish-tigris] - Building -1 hops circuit...
2023-03-30 15:42:49,903 - INFO - [Establish-tigris] - Extending the circuit #8000000c with 162.251.116.10:443 (tigris; Tor 0.4.7.8)...
2023-03-30 15:42:49,913 - INFO - [Establish-tigris] - Getting descriptor for 162.251.116.10:443 (tigris; Tor 0.4.7.8)...
2023-03-30 15:42:49,925 - INFO - [Establish-tigris] - Connecting to guard node 5.2.67.226:443 (quartz; Tor 0.4.7.13)... (Internal dir client)
2023-03-30 15:42:50,078 - INFO - [Establish-tigris] - Creating new circuit #8000000d with 5.2.67.226:443 (quartz; Tor 0.4.7.13) router...
2023-03-30 15:42:50,134 - INFO - [Establish-tigris] - Building 0 hops circuit...
2023-03-30 15:42:50,135 - INFO - [Establish-tigris] - Stream #12: creating attached to #8000000d circuit...
2023-03-30 15:42:50,135 - INFO - [Establish-tigris] - Stream #12: connecting to hsdir
2023-03-30 15:42:50,172 - INFO - [RecvLoop_5.2.67.] - Stream #12: connected (remote ip '')
2023-03-30 15:42:50,434 - INFO - [RecvLoop_5.2.67.] - Stream #12: remote disconnected (reason = DONE)
2023-03-30 15:42:50,438 - INFO - [Establish-tigris] - Stream #12: closing (state = Disconnected)...
2023-03-30 15:42:50,438 - INFO - [Establish-tigris] - Got descriptor
2023-03-30 15:42:50,591 - INFO - [Establish-tigris] - <class 'torpy.circuit.TorCircuit'>
2023-03-30 15:42:50,731 - INFO - [Establish-tigris] - Rendezvous established (CellRelayRendezvousEstablished())
2023-03-30 15:42:50,731 - INFO - [Establish-tigris] - Waiting for connections at relay tigris for cookie b'7aa99d956b2d6d77dbee' ...
2023-03-30 15:42:58,700 - INFO - [CONNECTION] - Sending JOIN to P3 at relay tigris
2023-03-30 15:43:15,516 - WARNING - [RecvLoop_185.181] - CellPadding has some unnecessary data: b'\x00\x00\x00\x00\x00\x00\x00\x00\x00\x00\x00\x00\x00\x00\x00\x00\x00\x00\x00\x00\x00\x00\x00\x00\x00\x00\x00\x00\x00\x00\x00\x00\x00\x00\x00\x00\x00\x00\x00\x00\x00\x00\x00\x00\x00\x00\x00\x00\x00\x00\x00\x00\x00\x00\x00\x00\x00\x00\x00\x00\x00\x00\x00\x00\x00\x00\x00\x00\x00\x00\x00\x00\x00\x00\x00\x00\x00\x00\x00\x00\x00\x00\x00\x00\x00\x00\x00\x00\x00\x00\x00\x00\x00\x00\x00\x00\x00\x00\x00\x00\x00\x00\x00\x00\x00\x00\x00\x00\x00\x00\x00\x00\x00\x00\x00\x00\x00\x00\x00\x00\x00\x00\x00\x00\x00\x00\x00\x00\x00\x00\x00\x00\x00\x00\x00\x00\x00\x00\x00\x00\x00\x00\x00\x00\x00\x00\x00\x00\x00\x00\x00\x00\x00\x00\x00\x00\x00\x00\x00\x00\x00\x00\x00\x00\x00\x00\x00\x00\x00\x00\x00\x00\x00\x00\x00\x00\x00\x00\x00\x00\x00\x00\x00\x00\x00\x00\x00\x00\x00\x00\x00\x00\x00\x00\x00\x00\x00\x00\x00\x00\x00\x00\x00\x00\x00\x00\x00\x00\x00\x00\x00\x00\x00\x00\x00\x00\x00\x00\x00\x00\x00\x00\x00\x00\x00\x00\x00\x00\x00\x00\x00\x00\x00\x00\x00\x00\x00\x00\x00\x00\x00\x00\x00\x00\x00\x00\x00\x00\x00\x00\x00\x00\x00\x00\x00\x00\x00\x00\x00\x00\x00\x00\x00\x00\x00\x00\x00\x00\x00\x00\x00\x00\x00\x00\x00\x00\x00\x00\x00\x00\x00\x00\x00\x00\x00\x00\x00\x00\x00\x00\x00\x00\x00\x00\x00\x00\x00\x00\x00\x00\x00\x00\x00\x00\x00\x00\x00\x00\x00\x00\x00\x00\x00\x00\x00\x00\x00\x00\x00\x00\x00\x00\x00\x00\x00\x00\x00\x00\x00\x00\x00\x00\x00\x00\x00\x00\x00\x00\x00\x00\x00\x00\x00\x00\x00\x00\x00\x00\x00\x00\x00\x00\x00\x00\x00\x00\x00\x00\x00\x00\x00\x00\x00\x00\x00\x00\x00\x00\x00\x00\x00\x00\x00\x00\x00\x00\x00\x00\x00\x00\x00\x00\x00\x00\x00\x00\x00\x00\x00\x00\x00\x00\x00\x00\x00\x00\x00\x00\x00\x00\x00\x00\x00\x00\x00\x00\x00\x00\x00\x00\x00\x00\x00\x00\x00\x00\x00\x00\x00\x00\x00\x00\x00\x00\x00\x00\x00\x00\x00\x00\x00\x00\x00\x00\x00\x00\x00\x00\x00\x00\x00\x00\x00\x00\x00\x00\x00\x00\x00\x00\x00\x00\x00\x00\x00\x00\x00\x00\x00\x00\x00\x00\x00\x00\x00\x00\x00\x00\x00\x00\x00\x00\x00\x00\x00\x00\x00\x00\x00\x00\x00\x00\x00\x00\x00\x00\x00\x00\x00\x00\x00\x00\x00\x00\x00\x00\x00\x00\x00\x00\x00\x00\x00\x00\x00\x00\x00\x00\x00'
2023-03-30 15:43:15,522 - ERROR - [RecvLoop_185.181] - CellPadding() was received but no handlers for it
2023-03-30 15:43:26,625 - INFO - [RECEIVER] - updateGraphOnly: [['P2', 'P4', 931, '6329cogwheel'], ['P3', 'P4', 159, 'onionDAOrel0aded1'], ['P1', 'P2', 514, 'Chimera']] , {'P4'}
